<?xml version="1.0" encoding="UTF-8"?>
<testsuites>
  <testsuite name="tests" tests="18" assertions="32" errors="0" warnings="0" failures="0" skipped="0" time="0.015910">
    <testsuite name="Nihilus\CQRSBundle\Tests\Builder\MiddlewareChainBuilderTest" file="/home/jpasqualini/projects/nihilus-symfony-resolver/tests/unit/Builder/MiddlewareChainBuilderTest.php" tests="1" assertions="1" errors="0" warnings="0" failures="0" skipped="0" time="0.001384">
      <testcase name="testBuildAll" class="Nihilus\CQRSBundle\Tests\Builder\MiddlewareChainBuilderTest" classname="Nihilus.CQRSBundle.Tests.Builder.MiddlewareChainBuilderTest" file="/home/jpasqualini/projects/nihilus-symfony-resolver/tests/unit/Builder/MiddlewareChainBuilderTest.php" line="22" assertions="1" time="0.001384"/>
    </testsuite>
    <testsuite name="Nihilus\CQRSBundle\tests\Command\Resolver\ContainerCommandHandlerResolverTest" file="/home/jpasqualini/projects/nihilus-symfony-resolver/tests/unit/Command/Resolver/ContainerCommandHandlerResolverTest.php" tests="6" assertions="9" errors="0" warnings="0" failures="0" skipped="0" time="0.006144">
      <testcase name="testGetWhenNotHandlerRegisteredInMapping" class="Nihilus\CQRSBundle\tests\Command\Resolver\ContainerCommandHandlerResolverTest" classname="Nihilus.CQRSBundle.tests.Command.Resolver.ContainerCommandHandlerResolverTest" file="/home/jpasqualini/projects/nihilus-symfony-resolver/tests/unit/Command/Resolver/ContainerCommandHandlerResolverTest.php" line="32" assertions="2" time="0.004479"/>
      <testcase name="testGetWhenNotHandlerRegisteredInContainer" class="Nihilus\CQRSBundle\tests\Command\Resolver\ContainerCommandHandlerResolverTest" classname="Nihilus.CQRSBundle.tests.Command.Resolver.ContainerCommandHandlerResolverTest" file="/home/jpasqualini/projects/nihilus-symfony-resolver/tests/unit/Command/Resolver/ContainerCommandHandlerResolverTest.php" line="46" assertions="2" time="0.000683"/>
      <testcase name="testGetWhenHandlerFound" class="Nihilus\CQRSBundle\tests\Command\Resolver\ContainerCommandHandlerResolverTest" classname="Nihilus.CQRSBundle.tests.Command.Resolver.ContainerCommandHandlerResolverTest" file="/home/jpasqualini/projects/nihilus-symfony-resolver/tests/unit/Command/Resolver/ContainerCommandHandlerResolverTest.php" line="71" assertions="2" time="0.000747"/>
      <testcase name="testGetAll" class="Nihilus\CQRSBundle\tests\Command\Resolver\ContainerCommandHandlerResolverTest" classname="Nihilus.CQRSBundle.tests.Command.Resolver.ContainerCommandHandlerResolverTest" file="/home/jpasqualini/projects/nihilus-symfony-resolver/tests/unit/Command/Resolver/ContainerCommandHandlerResolverTest.php" line="100" assertions="1" time="0.000107"/>
      <testcase name="testGetServiceIdWhenFound" class="Nihilus\CQRSBundle\tests\Command\Resolver\ContainerCommandHandlerResolverTest" classname="Nihilus.CQRSBundle.tests.Command.Resolver.ContainerCommandHandlerResolverTest" file="/home/jpasqualini/projects/nihilus-symfony-resolver/tests/unit/Command/Resolver/ContainerCommandHandlerResolverTest.php" line="105" assertions="1" time="0.000074"/>
      <testcase name="testGetServiceIdWhenNotFound" class="Nihilus\CQRSBundle\tests\Command\Resolver\ContainerCommandHandlerResolverTest" classname="Nihilus.CQRSBundle.tests.Command.Resolver.ContainerCommandHandlerResolverTest" file="/home/jpasqualini/projects/nihilus-symfony-resolver/tests/unit/Command/Resolver/ContainerCommandHandlerResolverTest.php" line="112" assertions="1" time="0.000054"/>
    </testsuite>
    <testsuite name="Nihilus\CQRSBundle\Tests\unit\Command\Resolver\ContainerCommandMiddlewareResolverTest" file="/home/jpasqualini/projects/nihilus-symfony-resolver/tests/unit/Command/Resolver/ContainerCommandMiddlewareResolverTest.php" tests="2" assertions="3" errors="0" warnings="0" failures="0" skipped="0" time="0.000549">
      <testcase name="testGet" class="Nihilus\CQRSBundle\Tests\unit\Command\Resolver\ContainerCommandMiddlewareResolverTest" classname="Nihilus.CQRSBundle.Tests.unit.Command.Resolver.ContainerCommandMiddlewareResolverTest" file="/home/jpasqualini/projects/nihilus-symfony-resolver/tests/unit/Command/Resolver/ContainerCommandMiddlewareResolverTest.php" line="36" assertions="2" time="0.000476"/>
      <testcase name="testGetChainWhenFound" class="Nihilus\CQRSBundle\Tests\unit\Command\Resolver\ContainerCommandMiddlewareResolverTest" classname="Nihilus.CQRSBundle.Tests.unit.Command.Resolver.ContainerCommandMiddlewareResolverTest" file="/home/jpasqualini/projects/nihilus-symfony-resolver/tests/unit/Command/Resolver/ContainerCommandMiddlewareResolverTest.php" line="67" assertions="1" time="0.000073"/>
    </testsuite>
    <testsuite name="Nihilus\CQRSBundle\Tests\DependencyInjection\CompilerPass\AutoRegisterChainMiddlewareCompilerPassTest" file="/home/jpasqualini/projects/nihilus-symfony-resolver/tests/unit/DependencyInjection/CompilerPass/AutoRegisterChainMiddlewareCompilerPassTest.php" tests="1" assertions="3" errors="0" warnings="0" failures="0" skipped="0" time="0.005824">
      <testcase name="testProcess" class="Nihilus\CQRSBundle\Tests\DependencyInjection\CompilerPass\AutoRegisterChainMiddlewareCompilerPassTest" classname="Nihilus.CQRSBundle.Tests.DependencyInjection.CompilerPass.AutoRegisterChainMiddlewareCompilerPassTest" file="/home/jpasqualini/projects/nihilus-symfony-resolver/tests/unit/DependencyInjection/CompilerPass/AutoRegisterChainMiddlewareCompilerPassTest.php" line="33" assertions="3" time="0.005824"/>
    </testsuite>
    <testsuite name="Nihilus\CQRSBundle\Tests\unit\DependencyInjection\CompilerPass\AutoRegisterMessageHandlerCompilerPassTest" file="/home/jpasqualini/projects/nihilus-symfony-resolver/tests/unit/DependencyInjection/CompilerPass/AutoRegisterMessageHandlerCompilerPassTest.php" tests="1" assertions="3" errors="0" warnings="0" failures="0" skipped="0" time="0.000482">
      <testcase name="testProcess" class="Nihilus\CQRSBundle\Tests\unit\DependencyInjection\CompilerPass\AutoRegisterMessageHandlerCompilerPassTest" classname="Nihilus.CQRSBundle.Tests.unit.DependencyInjection.CompilerPass.AutoRegisterMessageHandlerCompilerPassTest" file="/home/jpasqualini/projects/nihilus-symfony-resolver/tests/unit/DependencyInjection/CompilerPass/AutoRegisterMessageHandlerCompilerPassTest.php" line="26" assertions="3" time="0.000482"/>
    </testsuite>
    <testsuite name="Nihilus\CQRSBundle\Tests\unit\DependencyInjection\CompilerPass\AutoRegisterMiddlewareCompilerPassTest" file="/home/jpasqualini/projects/nihilus-symfony-resolver/tests/unit/DependencyInjection/CompilerPass/AutoRegisterMiddlewareCompilerPassTest.php" tests="1" assertions="3" errors="0" warnings="0" failures="0" skipped="0" time="0.000271">
      <testcase name="testProcess" class="Nihilus\CQRSBundle\Tests\unit\DependencyInjection\CompilerPass\AutoRegisterMiddlewareCompilerPassTest" classname="Nihilus.CQRSBundle.Tests.unit.DependencyInjection.CompilerPass.AutoRegisterMiddlewareCompilerPassTest" file="/home/jpasqualini/projects/nihilus-symfony-resolver/tests/unit/DependencyInjection/CompilerPass/AutoRegisterMiddlewareCompilerPassTest.php" line="23" assertions="3" time="0.000271"/>
    </testsuite>
    <testsuite name="Nihilus\CQRSBundle\tests\Query\Resolver\ContainerQueryHandlerResolverTest" file="/home/jpasqualini/projects/nihilus-symfony-resolver/tests/unit/Query/Resolver/ContainerQueryHandlerResolverTest.php" tests="4" assertions="7" errors="0" warnings="0" failures="0" skipped="0" time="0.000843">
      <testcase name="testGetWhenNotHandlerRegisteredInMapping" class="Nihilus\CQRSBundle\tests\Query\Resolver\ContainerQueryHandlerResolverTest" classname="Nihilus.CQRSBundle.tests.Query.Resolver.ContainerQueryHandlerResolverTest" file="/home/jpasqualini/projects/nihilus-symfony-resolver/tests/unit/Query/Resolver/ContainerQueryHandlerResolverTest.php" line="32" assertions="2" time="0.000264"/>
      <testcase name="testGetWhenNotHandlerRegisteredInContainer" class="Nihilus\CQRSBundle\tests\Query\Resolver\ContainerQueryHandlerResolverTest" classname="Nihilus.CQRSBundle.tests.Query.Resolver.ContainerQueryHandlerResolverTest" file="/home/jpasqualini/projects/nihilus-symfony-resolver/tests/unit/Query/Resolver/ContainerQueryHandlerResolverTest.php" line="46" assertions="2" time="0.000165"/>
      <testcase name="testGetWhenHandlerFound" class="Nihilus\CQRSBundle\tests\Query\Resolver\ContainerQueryHandlerResolverTest" classname="Nihilus.CQRSBundle.tests.Query.Resolver.ContainerQueryHandlerResolverTest" file="/home/jpasqualini/projects/nihilus-symfony-resolver/tests/unit/Query/Resolver/ContainerQueryHandlerResolverTest.php" line="71" assertions="2" time="0.000354"/>
      <testcase name="testGetServiceId" class="Nihilus\CQRSBundle\tests\Query\Resolver\ContainerQueryHandlerResolverTest" classname="Nihilus.CQRSBundle.tests.Query.Resolver.ContainerQueryHandlerResolverTest" file="/home/jpasqualini/projects/nihilus-symfony-resolver/tests/unit/Query/Resolver/ContainerQueryHandlerResolverTest.php" line="100" assertions="1" time="0.000060"/>
    </testsuite>
    <testsuite name="Nihilus\CQRSBundle\Tests\unit\Query\Resolver\ContainerQueryMiddlewareResolverTest" file="/home/jpasqualini/projects/nihilus-symfony-resolver/tests/unit/Query/Resolver/ContainerQueryMiddlewareResolverTest.php" tests="2" assertions="3" errors="0" warnings="0" failures="0" skipped="0" time="0.000413">
      <testcase name="testGet" class="Nihilus\CQRSBundle\Tests\unit\Query\Resolver\ContainerQueryMiddlewareResolverTest" classname="Nihilus.CQRSBundle.Tests.unit.Query.Resolver.ContainerQueryMiddlewareResolverTest" file="/home/jpasqualini/projects/nihilus-symfony-resolver/tests/unit/Query/Resolver/ContainerQueryMiddlewareResolverTest.php" line="36" assertions="2" time="0.000359"/>
      <testcase name="testGetChain" class="Nihilus\CQRSBundle\Tests\unit\Query\Resolver\ContainerQueryMiddlewareResolverTest" classname="Nihilus.CQRSBundle.Tests.unit.Query.Resolver.ContainerQueryMiddlewareResolverTest" file="/home/jpasqualini/projects/nihilus-symfony-resolver/tests/unit/Query/Resolver/ContainerQueryMiddlewareResolverTest.php" line="65" assertions="1" time="0.000054"/>
    </testsuite>
  </testsuite>
</testsuites>
